[anotapedidosonline.com/index.html]
[anotapedidosonline.com/css/all.min.css]
[anotapedidosonline.com/images/logo burgao raiz.webp]
[backblue.gif]
[fade.gif]
[index.html]
[anotapedidosonline.com/css/delivry.css]
[anotapedidosonline.com/link.href, window.location.3.delayed]
[anotapedidosonline.com/images/cover1.webp]
[anotapedidosonline.com/images/verificado.png]
[anotapedidosonline.com/produtos/maniacombo.html/index.html]
[anotapedidosonline.com/images/casal0.webp]
[anotapedidosonline.com/produtos/familiamania.html/index.html]
[anotapedidosonline.com/images/familia0.webp]
[anotapedidosonline.com/produtos/maniaindividual.html/index.html]
[anotapedidosonline.com/images/classico0.webp]
[anotapedidosonline.com/produtos/classicmania.html/index.html]
[anotapedidosonline.com/images/alice.jpg]
[anotapedidosonline.com/produtos/bruxa.html/index.html]
[anotapedidosonline.com/images/duplo.jpg]
[anotapedidosonline.com/produtos/coleoy.html/index.html]
[anotapedidosonline.com/images/triplo1.jpg]
[anotapedidosonline.com/images/r1.jpg]
[anotapedidosonline.com/images/r2.jpg]
[anotapedidosonline.com/images/r3.jpg]
[anotapedidosonline.com/images/r4.jpg]
[anotapedidosonline.com/images/r5.jpg]
[anotapedidosonline.com/images/r6.jpg]
[anotapedidosonline.com/images/r7.jpg]
[anotapedidosonline.com/images/r8.jpg]
[anotapedidosonline.com/images/r9.jpg]
[anotapedidosonline.com/images/r10.jpg]
[anotapedidosonline.com/images/r11.jpg]
[anotapedidosonline.com/images/r12.jpg]
[anotapedidosonline.com/js/jquery.min.js]
[anotapedidosonline.com/js/delivry.js]
[anotapedidosonline.com/index.html]
[anotapedidosonline.com/css/all.min.html]
[anotapedidosonline.com/css/delivry.css]
[anotapedidosonline.com/link.href, window.location.html]
[anotapedidosonline.com/js/sweetalert.min.js]
[anotapedidosonline.com/js/all.js]
[anotapedidosonline.com/produtos/maniacombo.html/images/logo.jpg]
[anotapedidosonline.com/produtos/maniacombo.html/css/delivry.css]
[anotapedidosonline.com/produtos/maniacombo.html/link.href, window.location.origin]
[anotapedidosonline.com/produtos/maniacombo.html/images/casal0.webp]
[anotapedidosonline.com/produtos/maniacombo.html/js/jquery.js]
[anotapedidosonline.com/produtos/maniacombo.html/js/deliveryProduto.js]
[anotapedidosonline.com/produtos/maniacombo.html/js/jquery-mask.js]
[anotapedidosonline.com/produtos/maniacombo.html/js/sweetalert.min.js]
[anotapedidosonline.com/produtos/maniacombo.html/js/9f8a7b1c.js]
[anotapedidosonline.com/produtos/maniacombo.html/index.html]
[anotapedidosonline.com/produtos/familiamania.html/images/logo.jpg]
[anotapedidosonline.com/produtos/familiamania.html/css/delivry.css]
[anotapedidosonline.com/produtos/maniacombo.html/js/all.js]
[anotapedidosonline.com/produtos/familiamania.html/link.href, window.location.origin]
[anotapedidosonline.com/produtos/familiamania.html/images/familia0.webp]
[anotapedidosonline.com/produtos/familiamania.html/js/jquery.js]
[anotapedidosonline.com/produtos/familiamania.html/js/deliveryProduto.js]
[anotapedidosonline.com/produtos/familiamania.html/js/jquery-mask.js]
[anotapedidosonline.com/produtos/familiamania.html/index.html]
[anotapedidosonline.com/produtos/familiamania.html/js/sweetalert.min.js]
[anotapedidosonline.com/produtos/maniaindividual.html/images/logo.jpg]
[anotapedidosonline.com/produtos/maniaindividual.html/css/delivry.css]
[anotapedidosonline.com/produtos/maniaindividual.html/link.href, window.location.origin]
[anotapedidosonline.com/produtos/familiamania.html/js/all.js]
[anotapedidosonline.com/produtos/maniaindividual.html/images/classico0.webp]
[anotapedidosonline.com/produtos/maniaindividual.html/js/jquery.js]
[anotapedidosonline.com/produtos/maniaindividual.html/js/deliveryProduto.js]
[anotapedidosonline.com/produtos/maniaindividual.html/js/jquery-mask.js]
[anotapedidosonline.com/produtos/maniaindividual.html/index.html]
[anotapedidosonline.com/produtos/maniaindividual.html/js/sweetalert.min.js]
[anotapedidosonline.com/produtos/classicmania.html/images/logo.jpg]
[anotapedidosonline.com/produtos/classicmania.html/css/delivry.css]
[anotapedidosonline.com/produtos/classicmania.html/link.href, window.location.origin]
[anotapedidosonline.com/produtos/maniaindividual.html/js/all.js]
[anotapedidosonline.com/produtos/classicmania.html/images/alice.jpg]
[anotapedidosonline.com/produtos/classicmania.html/js/jquery.js]
[anotapedidosonline.com/produtos/classicmania.html/js/deliveryProduto.js]
[anotapedidosonline.com/produtos/classicmania.html/js/jquery-mask.js]
[anotapedidosonline.com/produtos/classicmania.html/index.html]
[anotapedidosonline.com/produtos/classicmania.html/js/sweetalert.min.js]
[anotapedidosonline.com/produtos/bruxa.html/images/logo.jpg]
[anotapedidosonline.com/produtos/bruxa.html/css/delivry.css]
[anotapedidosonline.com/produtos/bruxa.html/link.href, window.location.origin]
[anotapedidosonline.com/produtos/classicmania.html/js/all.js]
[anotapedidosonline.com/produtos/bruxa.html/images/duplo.jpg]
[anotapedidosonline.com/produtos/bruxa.html/js/jquery.js]
[anotapedidosonline.com/produtos/bruxa.html/js/deliveryProduto.js]
[anotapedidosonline.com/produtos/bruxa.html/js/jquery-mask.js]
[anotapedidosonline.com/produtos/bruxa.html/index.html]
[anotapedidosonline.com/produtos/bruxa.html/js/sweetalert.min.js]
[anotapedidosonline.com/produtos/coleoy.html/images/logo.jpg]
[anotapedidosonline.com/produtos/coleoy.html/css/delivry.css]
[anotapedidosonline.com/produtos/coleoy.html/link.href, window.location.origin]
[anotapedidosonline.com/produtos/bruxa.html/js/all.js]
[anotapedidosonline.com/produtos/coleoy.html/images/triplo1.jpg]
[anotapedidosonline.com/produtos/coleoy.html/js/jquery.js]
[anotapedidosonline.com/produtos/coleoy.html/js/deliveryProduto.js]
[anotapedidosonline.com/produtos/coleoy.html/js/jquery-mask.js]
[anotapedidosonline.com/produtos/coleoy.html/index.html]
[anotapedidosonline.com/js/jquery.min.js]
[anotapedidosonline.com/produtos/coleoy.html/js/sweetalert.min.js]
[anotapedidosonline.com/GET.html]
[anotapedidosonline.com/js/delivry.js]
[anotapedidosonline.com/Trident/index.html]
[anotapedidosonline.com/js/all.js]
[anotapedidosonline.com/index-2.html]
[anotapedidosonline.com/js/sweetalert.min.js]
[anotapedidosonline.com/produtos/maniacombo.html/css/delivry.css]
[anotapedidosonline.com/produtos/maniacombo.html/link.href, window.location.html]
[anotapedidosonline.com/produtos/maniacombo.html/js/jquery.js]
[anotapedidosonline.com/produtos/coleoy.html/js/all.js]
[anotapedidosonline.com/produtos/maniacombo.html/GET.html]
[anotapedidosonline.com/produtos/maniacombo.html/js/deliveryProduto.js]
[anotapedidosonline.com/produtos/maniacombo.html/Trident/index.html]
[anotapedidosonline.com/produtos/maniacombo.html/js/all.js]
[anotapedidosonline.com/produtos/maniacombo.html/js/jquery-mask.js]
[anotapedidosonline.com/produtos/maniacombo.html/js/sweetalert.min.js]
[anotapedidosonline.com/produtos/maniacombo.html/js/9f8a7b1c.js]
[anotapedidosonline.com/produtos/familiamania.html/css/delivry.css]
[anotapedidosonline.com/produtos/familiamania.html/link.href, window.location.html]
[anotapedidosonline.com/produtos/familiamania.html/js/jquery.js]
[anotapedidosonline.com/index-3.html]
[anotapedidosonline.com/produtos/familiamania.html/GET.html]
[anotapedidosonline.com/produtos/familiamania.html/js/deliveryProduto.js]
[anotapedidosonline.com/produtos/familiamania.html/Trident/index.html]
[anotapedidosonline.com/produtos/familiamania.html/js/all.js]
[anotapedidosonline.com/produtos/familiamania.html/js/jquery-mask.js]
[anotapedidosonline.com/produtos/familiamania.html/js/sweetalert.min.js]
[anotapedidosonline.com/produtos/maniaindividual.html/css/delivry.css]
[anotapedidosonline.com/produtos/maniaindividual.html/link.href, window.location.html]
[anotapedidosonline.com/produtos/maniaindividual.html/js/jquery.js]
[anotapedidosonline.com/produtos/maniaindividual.html/GET.html]
[anotapedidosonline.com/produtos/maniaindividual.html/js/deliveryProduto.js]
[anotapedidosonline.com/produtos/maniaindividual.html/Trident/index.html]
[anotapedidosonline.com/produtos/maniaindividual.html/js/all.js]
[anotapedidosonline.com/produtos/maniaindividual.html/js/jquery-mask.js]
[anotapedidosonline.com/produtos/maniaindividual.html/js/sweetalert.min.js]
[anotapedidosonline.com/produtos/classicmania.html/css/delivry.css]
[anotapedidosonline.com/produtos/classicmania.html/link.href, window.location.html]
[anotapedidosonline.com/produtos/classicmania.html/js/jquery.js]
[anotapedidosonline.com/produtos/classicmania.html/GET.html]
[anotapedidosonline.com/produtos/classicmania.html/js/deliveryProduto.js]
[anotapedidosonline.com/produtos/classicmania.html/Trident/index.html]
[anotapedidosonline.com/produtos/classicmania.html/js/all.js]
[anotapedidosonline.com/produtos/classicmania.html/js/jquery-mask.js]
[anotapedidosonline.com/produtos/classicmania.html/js/sweetalert.min.js]
[anotapedidosonline.com/produtos/bruxa.html/css/delivry.css]
[anotapedidosonline.com/produtos/bruxa.html/link.href, window.location.html]
[anotapedidosonline.com/produtos/bruxa.html/js/jquery.js]
[anotapedidosonline.com/produtos/bruxa.html/GET.html]
[anotapedidosonline.com/produtos/bruxa.html/js/deliveryProduto.js]
[anotapedidosonline.com/produtos/bruxa.html/Trident/index.html]
[anotapedidosonline.com/produtos/bruxa.html/js/all.js]
[anotapedidosonline.com/produtos/bruxa.html/js/jquery-mask.js]
[anotapedidosonline.com/produtos/bruxa.html/js/sweetalert.min.js]
[anotapedidosonline.com/produtos/coleoy.html/css/delivry.css]
[anotapedidosonline.com/produtos/coleoy.html/link.href, window.location.html]
[anotapedidosonline.com/produtos/coleoy.html/js/jquery.js]
[anotapedidosonline.com/produtos/coleoy.html/GET.html]
[anotapedidosonline.com/produtos/coleoy.html/js/deliveryProduto.js]
[anotapedidosonline.com/produtos/coleoy.html/Trident/index.html]
[anotapedidosonline.com/produtos/coleoy.html/js/all.js]
[anotapedidosonline.com/produtos/coleoy.html/js/jquery-mask.js]
[anotapedidosonline.com/produtos/coleoy.html/js/sweetalert.min.js]
[anotapedidosonline.com/htdocs_error/style.css]
[anotapedidosonline.com/htdocs_error/something-lost.png]
[anotapedidosonline.com/GET.html]
[anotapedidosonline.com/Trident/index.html]
[anotapedidosonline.com/index-2.html]
[anotapedidosonline.com/produtos/maniacombo.html/GET.html]
[anotapedidosonline.com/produtos/maniacombo.html/Trident/index.html]
[anotapedidosonline.com/images/logo.jpg]
[anotapedidosonline.com/cdn.utmify.com.br/scripts/pixel/pixel.js]
[anotapedidosonline.com/images/cover.png]
[anotapedidosonline.com/images/individual.jpg]
[anotapedidosonline.com/images/familia.png]
[anotapedidosonline.com/images/casal.png]
[anotapedidosonline.com/produtos/maniaduplo.html/index.html]
[anotapedidosonline.com/images/brutu.jpg]
[anotapedidosonline.com/images/bruxa.jpg]
[anotapedidosonline.com/images/cole.jpg]
[anotapedidosonline.com/index-3.html]
[anotapedidosonline.com/produtos/familiamania.html/GET.html]
[anotapedidosonline.com/produtos/familiamania.html/Trident/index.html]
[anotapedidosonline.com/produtos/maniaindividual.html/GET.html]
[anotapedidosonline.com/produtos/maniaindividual.html/Trident/index.html]
[anotapedidosonline.com/produtos/classicmania.html/GET.html]
[anotapedidosonline.com/produtos/classicmania.html/Trident/index.html]
[anotapedidosonline.com/produtos/bruxa.html/GET.html]
[anotapedidosonline.com/produtos/bruxa.html/Trident/index.html]
[anotapedidosonline.com/produtos/coleoy.html/GET.html]
[anotapedidosonline.com/produtos/coleoy.html/Trident/index.html]
[anotapedidosonline.com/htdocs_error/style.html]
[anotapedidosonline.com/htdocs_error/something-lost.html]
[anotapedidosonline.com/images/logo.html]
[anotapedidosonline.com/cdn.utmify.com.br/scripts/pixel/pixel.html]
[anotapedidosonline.com/images/cover.html]
[anotapedidosonline.com/images/individual.html]
[anotapedidosonline.com/produtos/maniaduplo.html/index.html]
[anotapedidosonline.com/images/brutu.html]
